Archive member included to satisfy reference by file (symbol)

c:/st/stm32cubeide_1.7.0/stm32cubeide/plugins/com.st.stm32cube.ide.mcu.externaltools.gnu-tools-for-stm32.10.3-2021.10.win32_1.0.100.202210260954/tools/bin/../lib/gcc/arm-none-eabi/10.3.1/../../../../arm-none-eabi/lib/thumb/v7-m/nofp\libc_nano.a(lib_a-errno.o)
                              ./Core/Src/syscalls.o (__errno)
c:/st/stm32cubeide_1.7.0/stm32cubeide/plugins/com.st.stm32cube.ide.mcu.externaltools.gnu-tools-for-stm32.10.3-2021.10.win32_1.0.100.202210260954/tools/bin/../lib/gcc/arm-none-eabi/10.3.1/../../../../arm-none-eabi/lib/thumb/v7-m/nofp\libc_nano.a(lib_a-exit.o)
                              c:/st/stm32cubeide_1.7.0/stm32cubeide/plugins/com.st.stm32cube.ide.mcu.externaltools.gnu-tools-for-stm32.10.3-2021.10.win32_1.0.100.202210260954/tools/bin/../lib/gcc/arm-none-eabi/10.3.1/../../../../arm-none-eabi/lib/thumb/v7-m/nofp/crt0.o (exit)
c:/st/stm32cubeide_1.7.0/stm32cubeide/plugins/com.st.stm32cube.ide.mcu.externaltools.gnu-tools-for-stm32.10.3-2021.10.win32_1.0.100.202210260954/tools/bin/../lib/gcc/arm-none-eabi/10.3.1/../../../../arm-none-eabi/lib/thumb/v7-m/nofp\libc_nano.a(lib_a-impure.o)
                              c:/st/stm32cubeide_1.7.0/stm32cubeide/plugins/com.st.stm32cube.ide.mcu.externaltools.gnu-tools-for-stm32.10.3-2021.10.win32_1.0.100.202210260954/tools/bin/../lib/gcc/arm-none-eabi/10.3.1/../../../../arm-none-eabi/lib/thumb/v7-m/nofp\libc_nano.a(lib_a-exit.o) (_global_impure_ptr)
c:/st/stm32cubeide_1.7.0/stm32cubeide/plugins/com.st.stm32cube.ide.mcu.externaltools.gnu-tools-for-stm32.10.3-2021.10.win32_1.0.100.202210260954/tools/bin/../lib/gcc/arm-none-eabi/10.3.1/../../../../arm-none-eabi/lib/thumb/v7-m/nofp\libc_nano.a(lib_a-init.o)
                              c:/st/stm32cubeide_1.7.0/stm32cubeide/plugins/com.st.stm32cube.ide.mcu.externaltools.gnu-tools-for-stm32.10.3-2021.10.win32_1.0.100.202210260954/tools/bin/../lib/gcc/arm-none-eabi/10.3.1/../../../../arm-none-eabi/lib/thumb/v7-m/nofp/crt0.o (__libc_init_array)
c:/st/stm32cubeide_1.7.0/stm32cubeide/plugins/com.st.stm32cube.ide.mcu.externaltools.gnu-tools-for-stm32.10.3-2021.10.win32_1.0.100.202210260954/tools/bin/../lib/gcc/arm-none-eabi/10.3.1/../../../../arm-none-eabi/lib/thumb/v7-m/nofp\libc_nano.a(lib_a-memset.o)
                              c:/st/stm32cubeide_1.7.0/stm32cubeide/plugins/com.st.stm32cube.ide.mcu.externaltools.gnu-tools-for-stm32.10.3-2021.10.win32_1.0.100.202210260954/tools/bin/../lib/gcc/arm-none-eabi/10.3.1/../../../../arm-none-eabi/lib/thumb/v7-m/nofp/crt0.o (memset)

Discarded input sections

 .text          0x0000000000000000        0x0 c:/st/stm32cubeide_1.7.0/stm32cubeide/plugins/com.st.stm32cube.ide.mcu.externaltools.gnu-tools-for-stm32.10.3-2021.10.win32_1.0.100.202210260954/tools/bin/../lib/gcc/arm-none-eabi/10.3.1/thumb/v7-m/nofp/crti.o
 .data          0x0000000000000000        0x0 c:/st/stm32cubeide_1.7.0/stm32cubeide/plugins/com.st.stm32cube.ide.mcu.externaltools.gnu-tools-for-stm32.10.3-2021.10.win32_1.0.100.202210260954/tools/bin/../lib/gcc/arm-none-eabi/10.3.1/thumb/v7-m/nofp/crti.o
 .bss           0x0000000000000000        0x0 c:/st/stm32cubeide_1.7.0/stm32cubeide/plugins/com.st.stm32cube.ide.mcu.externaltools.gnu-tools-for-stm32.10.3-2021.10.win32_1.0.100.202210260954/tools/bin/../lib/gcc/arm-none-eabi/10.3.1/thumb/v7-m/nofp/crti.o
 .data          0x0000000000000000        0x4 c:/st/stm32cubeide_1.7.0/stm32cubeide/plugins/com.st.stm32cube.ide.mcu.externaltools.gnu-tools-for-stm32.10.3-2021.10.win32_1.0.100.202210260954/tools/bin/../lib/gcc/arm-none-eabi/10.3.1/thumb/v7-m/nofp/crtbegin.o
 .rodata        0x0000000000000000       0x24 c:/st/stm32cubeide_1.7.0/stm32cubeide/plugins/com.st.stm32cube.ide.mcu.externaltools.gnu-tools-for-stm32.10.3-2021.10.win32_1.0.100.202210260954/tools/bin/../lib/gcc/arm-none-eabi/10.3.1/thumb/v7-m/nofp/crtbegin.o
 .text          0x0000000000000000       0x7c c:/st/stm32cubeide_1.7.0/stm32cubeide/plugins/com.st.stm32cube.ide.mcu.externaltools.gnu-tools-for-stm32.10.3-2021.10.win32_1.0.100.202210260954/tools/bin/../lib/gcc/arm-none-eabi/10.3.1/../../../../arm-none-eabi/lib/thumb/v7-m/nofp/crt0.o
 .data          0x0000000000000000        0x0 c:/st/stm32cubeide_1.7.0/stm32cubeide/plugins/com.st.stm32cube.ide.mcu.externaltools.gnu-tools-for-stm32.10.3-2021.10.win32_1.0.100.202210260954/tools/bin/../lib/gcc/arm-none-eabi/10.3.1/../../../../arm-none-eabi/lib/thumb/v7-m/nofp/crt0.o
 .bss           0x0000000000000000        0x0 c:/st/stm32cubeide_1.7.0/stm32cubeide/plugins/com.st.stm32cube.ide.mcu.externaltools.gnu-tools-for-stm32.10.3-2021.10.win32_1.0.100.202210260954/tools/bin/../lib/gcc/arm-none-eabi/10.3.1/../../../../arm-none-eabi/lib/thumb/v7-m/nofp/crt0.o
[...]
Memory Configuration

Name             Origin             Length             Attributes
RAM              0x0000000020000000 0x0000000000005000 xrw
FLASH            0x0000000008000000 0x0000000000020000 xr
*default*        0x0000000000000000 0xffffffffffffffff

Linker script and memory map

LOAD c:/st/stm32cubeide_1.7.0/stm32cubeide/plugins/com.st.stm32cube.ide.mcu.externaltools.gnu-tools-for-stm32.10.3-2021.10.win32_1.0.100.202210260954/tools/bin/../lib/gcc/arm-none-eabi/10.3.1/thumb/v7-m/nofp/crti.o
LOAD c:/st/stm32cubeide_1.7.0/stm32cubeide/plugins/com.st.stm32cube.ide.mcu.externaltools.gnu-tools-for-stm32.10.3-2021.10.win32_1.0.100.202210260954/tools/bin/../lib/gcc/arm-none-eabi/10.3.1/thumb/v7-m/nofp/crtbegin.o
LOAD c:/st/stm32cubeide_1.7.0/stm32cubeide/plugins/com.st.stm32cube.ide.mcu.externaltools.gnu-tools-for-stm32.10.3-2021.10.win32_1.0.100.202210260954/tools/bin/../lib/gcc/arm-none-eabi/10.3.1/../../../../arm-none-eabi/lib/thumb/v7-m/nofp/crt0.o
LOAD ./Core/Src/button.o
LOAD ./Core/Src/clock.o
LOAD ./Core/Src/fsm_buz.o
LOAD ./Core/Src/fsm_mode.o
LOAD ./Core/Src/global.o
LOAD ./Core/Src/input_reading.o
LOAD ./Core/Src/led_display.o
LOAD ./Core/Src/main.o
LOAD ./Core/Src/scheduler.o
LOAD ./Core/Src/software_timer.o
LOAD ./Core/Src/stm32f1xx_hal_msp.o
LOAD ./Core/Src/stm32f1xx_it.o
LOAD ./Core/Src/syscalls.o
LOAD ./Core/Src/sysmem.o
LOAD ./Core/Src/system_stm32f1xx.o
LOAD ./Core/Src/timer.o
LOAD ./Core/Startup/startup_stm32f103rbtx.o
LOAD ./Drivers/STM32F1xx_HAL_Driver/Src/stm32f1xx_hal.o
LOAD ./Drivers/STM32F1xx_HAL_Driver/Src/stm32f1xx_hal_cortex.o
LOAD ./Drivers/STM32F1xx_HAL_Driver/Src/stm32f1xx_hal_dma.o
LOAD ./Drivers/STM32F1xx_HAL_Driver/Src/stm32f1xx_hal_exti.o
LOAD ./Drivers/STM32F1xx_HAL_Driver/Src/stm32f1xx_hal_flash.o
LOAD ./Drivers/STM32F1xx_HAL_Driver/Src/stm32f1xx_hal_flash_ex.o
LOAD ./Drivers/STM32F1xx_HAL_Driver/Src/stm32f1xx_hal_gpio.o
LOAD ./Drivers/STM32F1xx_HAL_Driver/Src/stm32f1xx_hal_gpio_ex.o
LOAD ./Drivers/STM32F1xx_HAL_Driver/Src/stm32f1xx_hal_pwr.o
LOAD ./Drivers/STM32F1xx_HAL_Driver/Src/stm32f1xx_hal_rcc.o
LOAD ./Drivers/STM32F1xx_HAL_Driver/Src/stm32f1xx_hal_rcc_ex.o
LOAD ./Drivers/STM32F1xx_HAL_Driver/Src/stm32f1xx_hal_tim.o
LOAD ./Drivers/STM32F1xx_HAL_Driver/Src/stm32f1xx_hal_tim_ex.o
LOAD ./Drivers/STM32F1xx_HAL_Driver/Src/stm32f1xx_hal_uart.o
START GROUP
LOAD c:/st/stm32cubeide_1.7.0/stm32cubeide/plugins/com.st.stm32cube.ide.mcu.externaltools.gnu-tools-for-stm32.10.3-2021.10.win32_1.0.100.202210260954/tools/bin/../lib/gcc/arm-none-eabi/10.3.1/../../../../arm-none-eabi/lib/thumb/v7-m/nofp\libc_nano.a
LOAD c:/st/stm32cubeide_1.7.0/stm32cubeide/plugins/com.st.stm32cube.ide.mcu.externaltools.gnu-tools-for-stm32.10.3-2021.10.win32_1.0.100.202210260954/tools/bin/../lib/gcc/arm-none-eabi/10.3.1/../../../../arm-none-eabi/lib/thumb/v7-m/nofp\libm.a
END GROUP
START GROUP
LOAD c:/st/stm32cubeide_1.7.0/stm32cubeide/plugins/com.st.stm32cube.ide.mcu.externaltools.gnu-tools-for-stm32.10.3-2021.10.win32_1.0.100.202210260954/tools/bin/../lib/gcc/arm-none-eabi/10.3.1/thumb/v7-m/nofp\libgcc.a
LOAD c:/st/stm32cubeide_1.7.0/stm32cubeide/plugins/com.st.stm32cube.ide.mcu.externaltools.gnu-tools-for-stm32.10.3-2021.10.win32_1.0.100.202210260954/tools/bin/../lib/gcc/arm-none-eabi/10.3.1/../../../../arm-none-eabi/lib/thumb/v7-m/nofp\libc_nano.a
END GROUP
START GROUP
LOAD c:/st/stm32cubeide_1.7.0/stm32cubeide/plugins/com.st.stm32cube.ide.mcu.externaltools.gnu-tools-for-stm32.10.3-2021.10.win32_1.0.100.202210260954/tools/bin/../lib/gcc/arm-none-eabi/10.3.1/thumb/v7-m/nofp\libgcc.a
LOAD c:/st/stm32cubeide_1.7.0/stm32cubeide/plugins/com.st.stm32cube.ide.mcu.externaltools.gnu-tools-for-stm32.10.3-2021.10.win32_1.0.100.202210260954/tools/bin/../lib/gcc/arm-none-eabi/10.3.1/../../../../arm-none-eabi/lib/thumb/v7-m/nofp\libc_nano.a
LOAD c:/st/stm32cubeide_1.7.0/stm32cubeide/plugins/com.st.stm32cube.ide.mcu.externaltools.gnu-tools-for-stm32.10.3-2021.10.win32_1.0.100.202210260954/tools/bin/../lib/gcc/arm-none-eabi/10.3.1/../../../../arm-none-eabi/lib/thumb/v7-m/nofp\libnosys.a
END GROUP
START GROUP
LOAD c:/st/stm32cubeide_1.7.0/stm32cubeide/plugins/com.st.stm32cube.ide.mcu.externaltools.gnu-tools-for-stm32.10.3-2021.10.win32_1.0.100.202210260954/tools/bin/../lib/gcc/arm-none-eabi/10.3.1/thumb/v7-m/nofp\libgcc.a
LOAD c:/st/stm32cubeide_1.7.0/stm32cubeide/plugins/com.st.stm32cube.ide.mcu.externaltools.gnu-tools-for-stm32.10.3-2021.10.win32_1.0.100.202210260954/tools/bin/../lib/gcc/arm-none-eabi/10.3.1/../../../../arm-none-eabi/lib/thumb/v7-m/nofp\libc_nano.a
LOAD c:/st/stm32cubeide_1.7.0/stm32cubeide/plugins/com.st.stm32cube.ide.mcu.externaltools.gnu-tools-for-stm32.10.3-2021.10.win32_1.0.100.202210260954/tools/bin/../lib/gcc/arm-none-eabi/10.3.1/../../../../arm-none-eabi/lib/thumb/v7-m/nofp\libnosys.a
END GROUP
LOAD c:/st/stm32cubeide_1.7.0/stm32cubeide/plugins/com.st.stm32cube.ide.mcu.externaltools.gnu-tools-for-stm32.10.3-2021.10.win32_1.0.100.202210260954/tools/bin/../lib/gcc/arm-none-eabi/10.3.1/thumb/v7-m/nofp/crtend.o
LOAD c:/st/stm32cubeide_1.7.0/stm32cubeide/plugins/com.st.stm32cube.ide.mcu.externaltools.gnu-tools-for-stm32.10.3-2021.10.win32_1.0.100.202210260954/tools/bin/../lib/gcc/arm-none-eabi/10.3.1/thumb/v7-m/nofp/crtn.o
                0x0000000020005000                _estack = (ORIGIN (RAM) + LENGTH (RAM))
                0x0000000000000200                _Min_Heap_Size = 0x200
                0x0000000000000400                _Min_Stack_Size = 0x400

.isr_vector     0x0000000008000000      0x10c
                0x0000000008000000                . = ALIGN (0x4)
 *(.isr_vector)
 .isr_vector    0x0000000008000000      0x10c ./Core/Startup/startup_stm32f103rbtx.o
                0x0000000008000000                g_pfnVectors
                0x000000000800010c                . = ALIGN (0x4)

.text           0x000000000800010c     0x4024
                0x000000000800010c                . = ALIGN (0x4)
 *(.text)
 .text          0x000000000800010c       0x40 c:/st/stm32cubeide_1.7.0/stm32cubeide/plugins/com.st.stm32cube.ide.mcu.externaltools.gnu-tools-for-stm32.10.3-2021.10.win32_1.0.100.202210260954/tools/bin/../lib/gcc/arm-none-eabi/10.3.1/thumb/v7-m/nofp/crtbegin.o
 *(.text*)
 .text.clock    0x000000000800014c       0x60 ./Core/Src/clock.o
                0x000000000800014c                clock
 .text.setClock
                0x00000000080001ac       0x34 ./Core/Src/clock.o
                0x00000000080001ac                setClock
 .text.fsm_buz_run
                0x00000000080001e0       0xe8 ./Core/Src/fsm_buz.o
                0x00000000080001e0                fsm_buz_run
 .text.fsm_mode_run
                0x00000000080002c8      0x838 ./Core/Src/fsm_mode.o
                0x00000000080002c8                fsm_mode_run
 .text.isButtonflag
                0x0000000008000b00       0x34 ./Core/Src/input_reading.o
                0x0000000008000b00                isButtonflag
 .text.is_button_pressed
                0x0000000008000b34       0x34 ./Core/Src/input_reading.o
                0x0000000008000b34                is_button_pressed
 .text.is_button_pressed_3s
                0x0000000008000b68       0x34 ./Core/Src/input_reading.o
                0x0000000008000b68                is_button_pressed_3s
 .text.fsm_for_input_processing
                0x0000000008000b9c      0x1c4 ./Core/Src/input_reading.o
                0x0000000008000b9c                fsm_for_input_processing
 .text.button_reading
                0x0000000008000d60       0xf8 ./Core/Src/input_reading.o
                0x0000000008000d60                button_reading
 .text.display7SEG
                0x0000000008000e58      0x3ec ./Core/Src/led_display.o
                0x0000000008000e58                display7SEG
 .text.updateLedBuffer
                0x0000000008001244       0x78 ./Core/Src/led_display.o
                0x0000000008001244                updateLedBuffer
 .text.SetLed7Seg1On
                0x00000000080012bc       0x38 ./Core/Src/led_display.o
                0x00000000080012bc                SetLed7Seg1On
 .text.SetLed7Seg2On
                0x00000000080012f4       0x38 ./Core/Src/led_display.o
                0x00000000080012f4                SetLed7Seg2On
 .text.SetLed7Seg3On
                0x000000000800132c       0x38 ./Core/Src/led_display.o
                0x000000000800132c                SetLed7Seg3On
 .text.SetLed7Seg4On
                0x0000000008001364       0x38 ./Core/Src/led_display.o
                0x0000000008001364                SetLed7Seg4On
 .text.Led_scaning
                0x000000000800139c       0xb0 ./Core/Src/led_display.o
                0x000000000800139c                Led_scaning
 .text.Buzzer_On
                0x000000000800144c       0x24 ./Core/Src/main.o
                0x000000000800144c                Buzzer_On
 .text.Buzzer_Off
                0x0000000008001470       0x24 ./Core/Src/main.o
                0x0000000008001470                Buzzer_Off
 .text.main     0x0000000008001494       0xe0 ./Core/Src/main.o
                0x0000000008001494                main
 .text.SystemClock_Config
                0x0000000008001574       0x82 ./Core/Src/main.o
                0x0000000008001574                SystemClock_Config
 *fill*         0x00000000080015f6        0x2 
 .text.MX_TIM2_Init
                0x00000000080015f8       0x98 ./Core/Src/main.o
 .text.MX_TIM3_Init
                0x0000000008001690       0xb4 ./Core/Src/main.o
 .text.MX_USART2_UART_Init
                0x0000000008001744       0x54 ./Core/Src/main.o
 .text.MX_GPIO_Init
                0x0000000008001798      0x17c ./Core/Src/main.o
 .text.Error_Handler
                0x0000000008001914        0xa ./Core/Src/main.o
                0x0000000008001914                Error_Handler
 *fill*         0x000000000800191e        0x2 
 .text.SCH_Init
                0x0000000008001920       0x18 ./Core/Src/scheduler.o
                0x0000000008001920                SCH_Init
 .text.SCH_Add_Task
                0x0000000008001938       0xac ./Core/Src/scheduler.o
                0x0000000008001938                SCH_Add_Task
 .text.SCH_Update
                0x00000000080019e4       0xc0 ./Core/Src/scheduler.o
                0x00000000080019e4                SCH_Update
 .text.SCH_Dispatch_Tasks
                0x0000000008001aa4       0xa0 ./Core/Src/scheduler.o
                0x0000000008001aa4                SCH_Dispatch_Tasks
 .text.SCH_Delete_Task
                0x0000000008001b44       0xe4 ./Core/Src/scheduler.o
                0x0000000008001b44                SCH_Delete_Task
 .text.setTimer0
                0x0000000008001c28       0x34 ./Core/Src/software_timer.o
                0x0000000008001c28                setTimer0
 .text.setTimer1
                0x0000000008001c5c       0x34 ./Core/Src/software_timer.o
                0x0000000008001c5c                setTimer1
 .text.setTimer2
                0x0000000008001c90       0x34 ./Core/Src/software_timer.o
                0x0000000008001c90                setTimer2
 .text.setTimer3
                0x0000000008001cc4       0x34 ./Core/Src/software_timer.o
                0x0000000008001cc4                setTimer3
 .text.setTimer4
                0x0000000008001cf8       0x34 ./Core/Src/software_timer.o
                0x0000000008001cf8                setTimer4
 .text.setTimer5
                0x0000000008001d2c       0x34 ./Core/Src/software_timer.o
                0x0000000008001d2c                setTimer5
 .text.setTimer6
                0x0000000008001d60       0x34 ./Core/Src/software_timer.o
                0x0000000008001d60                setTimer6
 .text.timerRun
                0x0000000008001d94      0x124 ./Core/Src/software_timer.o
                0x0000000008001d94                timerRun
 .text.HAL_MspInit
                0x0000000008001eb8       0x64 ./Core/Src/stm32f1xx_hal_msp.o
                0x0000000008001eb8                HAL_MspInit
 .text.HAL_TIM_Base_MspInit
                0x0000000008001f1c       0x48 ./Core/Src/stm32f1xx_hal_msp.o
                0x0000000008001f1c                HAL_TIM_Base_MspInit
 .text.HAL_TIM_PWM_MspInit
                0x0000000008001f64       0x3c ./Core/Src/stm32f1xx_hal_msp.o
                0x0000000008001f64                HAL_TIM_PWM_MspInit
 .text.HAL_TIM_MspPostInit
                0x0000000008001fa0       0x64 ./Core/Src/stm32f1xx_hal_msp.o
                0x0000000008001fa0                HAL_TIM_MspPostInit
 .text.HAL_UART_MspInit
                0x0000000008002004       0x7c ./Core/Src/stm32f1xx_hal_msp.o
                0x0000000008002004                HAL_UART_MspInit
 .text.NMI_Handler
                0x0000000008002080        0x6 ./Core/Src/stm32f1xx_it.o
                0x0000000008002080                NMI_Handler
 .text.HardFault_Handler
                0x0000000008002086        0x6 ./Core/Src/stm32f1xx_it.o
                0x0000000008002086                HardFault_Handler
 .text.MemManage_Handler
                0x000000000800208c        0x6 ./Core/Src/stm32f1xx_it.o
                0x000000000800208c                MemManage_Handler
 .text.BusFault_Handler
                0x0000000008002092        0x6 ./Core/Src/stm32f1xx_it.o
                0x0000000008002092                BusFault_Handler
 .text.UsageFault_Handler
                0x0000000008002098        0x6 ./Core/Src/stm32f1xx_it.o
                0x0000000008002098                UsageFault_Handler
 .text.SVC_Handler
                0x000000000800209e        0xc ./Core/Src/stm32f1xx_it.o
                0x000000000800209e                SVC_Handler
 .text.DebugMon_Handler
                0x00000000080020aa        0xc ./Core/Src/stm32f1xx_it.o
                0x00000000080020aa                DebugMon_Handler
 .text.PendSV_Handler
                0x00000000080020b6        0xc ./Core/Src/stm32f1xx_it.o
                0x00000000080020b6                PendSV_Handler
 .text.SysTick_Handler
                0x00000000080020c2        0xc ./Core/Src/stm32f1xx_it.o
                0x00000000080020c2                SysTick_Handler
 *fill*         0x00000000080020ce        0x2 
 .text.TIM2_IRQHandler
                0x00000000080020d0       0x14 ./Core/Src/stm32f1xx_it.o
                0x00000000080020d0                TIM2_IRQHandler
 .text.EXTI15_10_IRQHandler
                0x00000000080020e4       0x10 ./Core/Src/stm32f1xx_it.o
                0x00000000080020e4                EXTI15_10_IRQHandler
 .text.SystemInit
                0x00000000080020f4        0xc ./Core/Src/system_stm32f1xx.o
                0x00000000080020f4                SystemInit
 .text.HAL_TIM_PeriodElapsedCallback
                0x0000000008002100       0x1e ./Core/Src/timer.o
                0x0000000008002100                HAL_TIM_PeriodElapsedCallback
 *fill*         0x000000000800211e        0x2 
 .text.Reset_Handler
                0x0000000008002120       0x48 ./Core/Startup/startup_stm32f103rbtx.o
                0x0000000008002120                Reset_Handler
 .text.Default_Handler
                0x0000000008002168        0x2 ./Core/Startup/startup_stm32f103rbtx.o
                0x0000000008002168                RTC_Alarm_IRQHandler
                0x0000000008002168                EXTI2_IRQHandler
                0x0000000008002168                TIM1_CC_IRQHandler
                0x0000000008002168                PVD_IRQHandler
                0x0000000008002168                EXTI3_IRQHandler
                0x0000000008002168                EXTI0_IRQHandler
                0x0000000008002168                I2C2_EV_IRQHandler
                0x0000000008002168                ADC1_2_IRQHandler
                0x0000000008002168                SPI1_IRQHandler
                0x0000000008002168                TAMPER_IRQHandler
                0x0000000008002168                DMA1_Channel4_IRQHandler
                0x0000000008002168                USART3_IRQHandler
                0x0000000008002168                RTC_IRQHandler
                0x0000000008002168                DMA1_Channel7_IRQHandler
                0x0000000008002168                CAN1_RX1_IRQHandler
                0x0000000008002168                TIM4_IRQHandler
                0x0000000008002168                I2C1_EV_IRQHandler
                0x0000000008002168                DMA1_Channel6_IRQHandler
                0x0000000008002168                TIM3_IRQHandler
                0x0000000008002168                RCC_IRQHandler
                0x0000000008002168                TIM1_TRG_COM_IRQHandler
                0x0000000008002168                DMA1_Channel1_IRQHandler
                0x0000000008002168                Default_Handler
                0x0000000008002168                EXTI9_5_IRQHandler
                0x0000000008002168                SPI2_IRQHandler
                0x0000000008002168                DMA1_Channel5_IRQHandler
                0x0000000008002168                EXTI4_IRQHandler
                0x0000000008002168                USB_LP_CAN1_RX0_IRQHandler
                0x0000000008002168                USB_HP_CAN1_TX_IRQHandler
                0x0000000008002168                DMA1_Channel3_IRQHandler
                0x0000000008002168                TIM1_UP_IRQHandler
                0x0000000008002168                WWDG_IRQHandler
                0x0000000008002168                TIM1_BRK_IRQHandler
                0x0000000008002168                EXTI1_IRQHandler
                0x0000000008002168                USART2_IRQHandler
                0x0000000008002168                I2C2_ER_IRQHandler
                0x0000000008002168                DMA1_Channel2_IRQHandler
                0x0000000008002168                CAN1_SCE_IRQHandler
                0x0000000008002168                FLASH_IRQHandler
                0x0000000008002168                USART1_IRQHandler
                0x0000000008002168                I2C1_ER_IRQHandler
                0x0000000008002168                USBWakeUp_IRQHandler
 *fill*         0x000000000800216a        0x2 
 .text.HAL_Init
                0x000000000800216c       0x2c ./Drivers/STM32F1xx_HAL_Driver/Src/stm32f1xx_hal.o
                0x000000000800216c                HAL_Init
 .text.HAL_InitTick
                0x0000000008002198       0x60 ./Drivers/STM32F1xx_HAL_Driver/Src/stm32f1xx_hal.o
                0x0000000008002198                HAL_InitTick
 .text.HAL_IncTick
                0x00000000080021f8       0x24 ./Drivers/STM32F1xx_HAL_Driver/Src/stm32f1xx_hal.o
                0x00000000080021f8                HAL_IncTick
 .text.HAL_GetTick
                0x000000000800221c       0x14 ./Drivers/STM32F1xx_HAL_Driver/Src/stm32f1xx_hal.o
                0x000000000800221c                HAL_GetTick
 .text.__NVIC_SetPriorityGrouping
                0x0000000008002230       0x48 ./Drivers/STM32F1xx_HAL_Driver/Src/stm32f1xx_hal_cortex.o
 .text.__NVIC_GetPriorityGrouping
                0x0000000008002278       0x1c ./Drivers/STM32F1xx_HAL_Driver/Src/stm32f1xx_hal_cortex.o
 .text.__NVIC_EnableIRQ
                0x0000000008002294       0x38 ./Drivers/STM32F1xx_HAL_Driver/Src/stm32f1xx_hal_cortex.o
 .text.__NVIC_SetPriority
                0x00000000080022cc       0x54 ./Drivers/STM32F1xx_HAL_Driver/Src/stm32f1xx_hal_cortex.o
 .text.NVIC_EncodePriority
                0x0000000008002320       0x64 ./Drivers/STM32F1xx_HAL_Driver/Src/stm32f1xx_hal_cortex.o
 .text.SysTick_Config
                0x0000000008002384       0x44 ./Drivers/STM32F1xx_HAL_Driver/Src/stm32f1xx_hal_cortex.o
 .text.HAL_NVIC_SetPriorityGrouping
                0x00000000080023c8       0x16 ./Drivers/STM32F1xx_HAL_Driver/Src/stm32f1xx_hal_cortex.o
                0x00000000080023c8                HAL_NVIC_SetPriorityGrouping
 .text.HAL_NVIC_SetPriority
                0x00000000080023de       0x38 ./Drivers/STM32F1xx_HAL_Driver/Src/stm32f1xx_hal_cortex.o
                0x00000000080023de                HAL_NVIC_SetPriority
 .text.HAL_NVIC_EnableIRQ
                0x0000000008002416       0x1c ./Drivers/STM32F1xx_HAL_Driver/Src/stm32f1xx_hal_cortex.o
                0x0000000008002416                HAL_NVIC_EnableIRQ
 .text.HAL_SYSTICK_Config
                0x0000000008002432       0x18 ./Drivers/STM32F1xx_HAL_Driver/Src/stm32f1xx_hal_cortex.o
                0x0000000008002432                HAL_SYSTICK_Config
 *fill*         0x000000000800244a        0x2 
 .text.HAL_GPIO_Init
                0x000000000800244c      0x308 ./Drivers/STM32F1xx_HAL_Driver/Src/stm32f1xx_hal_gpio.o
                0x000000000800244c                HAL_GPIO_Init
 .text.HAL_GPIO_ReadPin
                0x0000000008002754       0x2e ./Drivers/STM32F1xx_HAL_Driver/Src/stm32f1xx_hal_gpio.o
                0x0000000008002754                HAL_GPIO_ReadPin
 .text.HAL_GPIO_WritePin
                0x0000000008002782       0x30 ./Drivers/STM32F1xx_HAL_Driver/Src/stm32f1xx_hal_gpio.o
                0x0000000008002782                HAL_GPIO_WritePin
 .text.HAL_GPIO_TogglePin
                0x00000000080027b2       0x32 ./Drivers/STM32F1xx_HAL_Driver/Src/stm32f1xx_hal_gpio.o
                0x00000000080027b2                HAL_GPIO_TogglePin
 .text.HAL_GPIO_EXTI_IRQHandler
                0x00000000080027e4       0x30 ./Drivers/STM32F1xx_HAL_Driver/Src/stm32f1xx_hal_gpio.o
                0x00000000080027e4                HAL_GPIO_EXTI_IRQHandler
 .text.HAL_GPIO_EXTI_Callback
                0x0000000008002814       0x14 ./Drivers/STM32F1xx_HAL_Driver/Src/stm32f1xx_hal_gpio.o
                0x0000000008002814                HAL_GPIO_EXTI_Callback
 .text.HAL_RCC_OscConfig
                0x0000000008002828      0x504 ./Drivers/STM32F1xx_HAL_Driver/Src/stm32f1xx_hal_rcc.o
                0x0000000008002828                HAL_RCC_OscConfig
 .text.HAL_RCC_ClockConfig
                0x0000000008002d2c      0x1d4 ./Drivers/STM32F1xx_HAL_Driver/Src/stm32f1xx_hal_rcc.o
                0x0000000008002d2c                HAL_RCC_ClockConfig
 .text.HAL_RCC_GetSysClockFreq
                0x0000000008002f00       0xbc ./Drivers/STM32F1xx_HAL_Driver/Src/stm32f1xx_hal_rcc.o
                0x0000000008002f00                HAL_RCC_GetSysClockFreq
 .text.HAL_RCC_GetHCLKFreq
                0x0000000008002fbc       0x14 ./Drivers/STM32F1xx_HAL_Driver/Src/stm32f1xx_hal_rcc.o
                0x0000000008002fbc                HAL_RCC_GetHCLKFreq
 .text.HAL_RCC_GetPCLK1Freq
                0x0000000008002fd0       0x28 ./Drivers/STM32F1xx_HAL_Driver/Src/stm32f1xx_hal_rcc.o
                0x0000000008002fd0                HAL_RCC_GetPCLK1Freq
 .text.HAL_RCC_GetPCLK2Freq
                0x0000000008002ff8       0x28 ./Drivers/STM32F1xx_HAL_Driver/Src/stm32f1xx_hal_rcc.o
                0x0000000008002ff8                HAL_RCC_GetPCLK2Freq
 .text.RCC_Delay
                0x0000000008003020       0x3c ./Drivers/STM32F1xx_HAL_Driver/Src/stm32f1xx_hal_rcc.o
 .text.HAL_TIM_Base_Init
                0x000000000800305c       0x9e ./Drivers/STM32F1xx_HAL_Driver/Src/stm32f1xx_hal_tim.o
                0x000000000800305c                HAL_TIM_Base_Init
 *fill*         0x00000000080030fa        0x2 
 .text.HAL_TIM_Base_Start_IT
                0x00000000080030fc       0xa4 ./Drivers/STM32F1xx_HAL_Driver/Src/stm32f1xx_hal_tim.o
                0x00000000080030fc                HAL_TIM_Base_Start_IT
 .text.HAL_TIM_PWM_Init
                0x00000000080031a0       0x9e ./Drivers/STM32F1xx_HAL_Driver/Src/stm32f1xx_hal_tim.o
                0x00000000080031a0                HAL_TIM_PWM_Init
 *fill*         0x000000000800323e        0x2 
 .text.HAL_TIM_PWM_Start
                0x0000000008003240      0x144 ./Drivers/STM32F1xx_HAL_Driver/Src/stm32f1xx_hal_tim.o
                0x0000000008003240                HAL_TIM_PWM_Start
 .text.HAL_TIM_IRQHandler
                0x0000000008003384      0x210 ./Drivers/STM32F1xx_HAL_Driver/Src/stm32f1xx_hal_tim.o
                0x0000000008003384                HAL_TIM_IRQHandler
 .text.HAL_TIM_PWM_ConfigChannel
                0x0000000008003594      0x17c ./Drivers/STM32F1xx_HAL_Driver/Src/stm32f1xx_hal_tim.o
                0x0000000008003594                HAL_TIM_PWM_ConfigChannel
 .text.HAL_TIM_ConfigClockSource
                0x0000000008003710      0x188 ./Drivers/STM32F1xx_HAL_Driver/Src/stm32f1xx_hal_tim.o
                0x0000000008003710                HAL_TIM_ConfigClockSource
 .text.HAL_TIM_OC_DelayElapsedCallback
                0x0000000008003898       0x12 ./Drivers/STM32F1xx_HAL_Driver/Src/stm32f1xx_hal_tim.o
                0x0000000008003898                HAL_TIM_OC_DelayElapsedCallback
 .text.HAL_TIM_IC_CaptureCallback
                0x00000000080038aa       0x12 ./Drivers/STM32F1xx_HAL_Driver/Src/stm32f1xx_hal_tim.o
                0x00000000080038aa                HAL_TIM_IC_CaptureCallback
 .text.HAL_TIM_PWM_PulseFinishedCallback
                0x00000000080038bc       0x12 ./Drivers/STM32F1xx_HAL_Driver/Src/stm32f1xx_hal_tim.o
                0x00000000080038bc                HAL_TIM_PWM_PulseFinishedCallback
 .text.HAL_TIM_TriggerCallback
                0x00000000080038ce       0x12 ./Drivers/STM32F1xx_HAL_Driver/Src/stm32f1xx_hal_tim.o
                0x00000000080038ce                HAL_TIM_TriggerCallback
 .text.TIM_Base_SetConfig
                0x00000000080038e0       0xc4 ./Drivers/STM32F1xx_HAL_Driver/Src/stm32f1xx_hal_tim.o
                0x00000000080038e0                TIM_Base_SetConfig
 .text.TIM_OC1_SetConfig
                0x00000000080039a4       0xcc ./Drivers/STM32F1xx_HAL_Driver/Src/stm32f1xx_hal_tim.o
 .text.TIM_OC2_SetConfig
                0x0000000008003a70       0xd4 ./Drivers/STM32F1xx_HAL_Driver/Src/stm32f1xx_hal_tim.o
                0x0000000008003a70                TIM_OC2_SetConfig
 .text.TIM_OC3_SetConfig
                0x0000000008003b44       0xd4 ./Drivers/STM32F1xx_HAL_Driver/Src/stm32f1xx_hal_tim.o
 .text.TIM_OC4_SetConfig
                0x0000000008003c18       0x9c ./Drivers/STM32F1xx_HAL_Driver/Src/stm32f1xx_hal_tim.o
 .text.TIM_TI1_ConfigInputStage
                0x0000000008003cb4       0x5c ./Drivers/STM32F1xx_HAL_Driver/Src/stm32f1xx_hal_tim.o
 .text.TIM_TI2_ConfigInputStage
                0x0000000008003d10       0x5e ./Drivers/STM32F1xx_HAL_Driver/Src/stm32f1xx_hal_tim.o
 .text.TIM_ITRx_SetConfig
                0x0000000008003d6e       0x34 ./Drivers/STM32F1xx_HAL_Driver/Src/stm32f1xx_hal_tim.o
 .text.TIM_ETR_SetConfig
                0x0000000008003da2       0x3e ./Drivers/STM32F1xx_HAL_Driver/Src/stm32f1xx_hal_tim.o
                0x0000000008003da2                TIM_ETR_SetConfig
 .text.TIM_CCxChannelCmd
                0x0000000008003de0       0x48 ./Drivers/STM32F1xx_HAL_Driver/Src/stm32f1xx_hal_tim.o
                0x0000000008003de0                TIM_CCxChannelCmd
 .text.HAL_TIMEx_MasterConfigSynchronization
                0x0000000008003e28       0xbc ./Drivers/STM32F1xx_HAL_Driver/Src/stm32f1xx_hal_tim_ex.o
                0x0000000008003e28                HAL_TIMEx_MasterConfigSynchronization
 .text.HAL_TIMEx_CommutCallback
                0x0000000008003ee4       0x12 ./Drivers/STM32F1xx_HAL_Driver/Src/stm32f1xx_hal_tim_ex.o
                0x0000000008003ee4                HAL_TIMEx_CommutCallback
 .text.HAL_TIMEx_BreakCallback
                0x0000000008003ef6       0x12 ./Drivers/STM32F1xx_HAL_Driver/Src/stm32f1xx_hal_tim_ex.o
                0x0000000008003ef6                HAL_TIMEx_BreakCallback
 .text.HAL_UART_Init
                0x0000000008003f08       0x9a ./Drivers/STM32F1xx_HAL_Driver/Src/stm32f1xx_hal_uart.o
                0x0000000008003f08                HAL_UART_Init
 *fill*         0x0000000008003fa2        0x2 
 .text.UART_SetConfig
                0x0000000008003fa4      0x11c ./Drivers/STM32F1xx_HAL_Driver/Src/stm32f1xx_hal_uart.o
 .text.__libc_init_array
                0x00000000080040c0       0x48 c:/st/stm32cubeide_1.7.0/stm32cubeide/plugins/com.st.stm32cube.ide.mcu.externaltools.gnu-tools-for-stm32.10.3-2021.10.win32_1.0.100.202210260954/tools/bin/../lib/gcc/arm-none-eabi/10.3.1/../../../../arm-none-eabi/lib/thumb/v7-m/nofp\libc_nano.a(lib_a-init.o)
                0x00000000080040c0                __libc_init_array
 .text.memset   0x0000000008004108       0x10 c:/st/stm32cubeide_1.7.0/stm32cubeide/plugins/com.st.stm32cube.ide.mcu.externaltools.gnu-tools-for-stm32.10.3-2021.10.win32_1.0.100.202210260954/tools/bin/../lib/gcc/arm-none-eabi/10.3.1/../../../../arm-none-eabi/lib/thumb/v7-m/nofp\libc_nano.a(lib_a-memset.o)
                0x0000000008004108                memset
 *(.glue_7)
 .glue_7        0x0000000008004118        0x0 linker stubs
 *(.glue_7t)
 .glue_7t       0x0000000008004118        0x0 linker stubs
 *(.eh_frame)
 .eh_frame      0x0000000008004118        0x0 c:/st/stm32cubeide_1.7.0/stm32cubeide/plugins/com.st.stm32cube.ide.mcu.externaltools.gnu-tools-for-stm32.10.3-2021.10.win32_1.0.100.202210260954/tools/bin/../lib/gcc/arm-none-eabi/10.3.1/thumb/v7-m/nofp/crtbegin.o
 *(.init)
 .init          0x0000000008004118        0x4 c:/st/stm32cubeide_1.7.0/stm32cubeide/plugins/com.st.stm32cube.ide.mcu.externaltools.gnu-tools-for-stm32.10.3-2021.10.win32_1.0.100.202210260954/tools/bin/../lib/gcc/arm-none-eabi/10.3.1/thumb/v7-m/nofp/crti.o
                0x0000000008004118                _init
 .init          0x000000000800411c        0x8 c:/st/stm32cubeide_1.7.0/stm32cubeide/plugins/com.st.stm32cube.ide.mcu.externaltools.gnu-tools-for-stm32.10.3-2021.10.win32_1.0.100.202210260954/tools/bin/../lib/gcc/arm-none-eabi/10.3.1/thumb/v7-m/nofp/crtn.o
 *(.fini)
 .fini          0x0000000008004124        0x4 c:/st/stm32cubeide_1.7.0/stm32cubeide/plugins/com.st.stm32cube.ide.mcu.externaltools.gnu-tools-for-stm32.10.3-2021.10.win32_1.0.100.202210260954/tools/bin/../lib/gcc/arm-none-eabi/10.3.1/thumb/v7-m/nofp/crti.o
                0x0000000008004124                _fini
 .fini          0x0000000008004128        0x8 c:/st/stm32cubeide_1.7.0/stm32cubeide/plugins/com.st.stm32cube.ide.mcu.externaltools.gnu-tools-for-stm32.10.3-2021.10.win32_1.0.100.202210260954/tools/bin/../lib/gcc/arm-none-eabi/10.3.1/thumb/v7-m/nofp/crtn.o
                0x0000000008004130                . = ALIGN (0x4)
                0x0000000008004130                _etext = .

.vfp11_veneer   0x0000000008004130        0x0
 .vfp11_veneer  0x0000000008004130        0x0 linker stubs

.v4_bx          0x0000000008004130        0x0
 .v4_bx         0x0000000008004130        0x0 linker stubs

.iplt           0x0000000008004130        0x0
 .iplt          0x0000000008004130        0x0 c:/st/stm32cubeide_1.7.0/stm32cubeide/plugins/com.st.stm32cube.ide.mcu.externaltools.gnu-tools-for-stm32.10.3-2021.10.win32_1.0.100.202210260954/tools/bin/../lib/gcc/arm-none-eabi/10.3.1/thumb/v7-m/nofp/crtbegin.o

.rodata         0x0000000008004130       0x28
                0x0000000008004130                . = ALIGN (0x4)
 *(.rodata)
 .rodata        0x0000000008004130       0x10 ./Drivers/STM32F1xx_HAL_Driver/Src/stm32f1xx_hal_rcc.o
 *(.rodata*)
 .rodata.AHBPrescTable
                0x0000000008004140       0x10 ./Core/Src/system_stm32f1xx.o
                0x0000000008004140                AHBPrescTable
 .rodata.APBPrescTable
                0x0000000008004150        0x8 ./Core/Src/system_stm32f1xx.o
                0x0000000008004150                APBPrescTable
                0x0000000008004158                . = ALIGN (0x4)

.rel.dyn        0x0000000008004158        0x0
 .rel.iplt      0x0000000008004158        0x0 c:/st/stm32cubeide_1.7.0/stm32cubeide/plugins/com.st.stm32cube.ide.mcu.externaltools.gnu-tools-for-stm32.10.3-2021.10.win32_1.0.100.202210260954/tools/bin/../lib/gcc/arm-none-eabi/10.3.1/thumb/v7-m/nofp/crtbegin.o

.ARM.extab      0x0000000008004158        0x0
                0x0000000008004158                . = ALIGN (0x4)
 *(.ARM.extab* .gnu.linkonce.armextab.*)
                0x0000000008004158                . = ALIGN (0x4)

.ARM            0x0000000008004158        0x0
                0x0000000008004158                . = ALIGN (0x4)
                0x0000000008004158                __exidx_start = .
 *(.ARM.exidx*)
                0x0000000008004158                __exidx_end = .
                0x0000000008004158                . = ALIGN (0x4)

.preinit_array  0x0000000008004158        0x0
                0x0000000008004158                . = ALIGN (0x4)
                0x0000000008004158                PROVIDE (__preinit_array_start = .)
 *(.preinit_array*)
                0x0000000008004158                PROVIDE (__preinit_array_end = .)
                0x0000000008004158                . = ALIGN (0x4)

.init_array     0x0000000008004158        0x4
                0x0000000008004158                . = ALIGN (0x4)
                0x0000000008004158                PROVIDE (__init_array_start = .)
 *(SORT_BY_NAME(.init_array.*))
 *(.init_array*)
 .init_array    0x0000000008004158        0x4 c:/st/stm32cubeide_1.7.0/stm32cubeide/plugins/com.st.stm32cube.ide.mcu.externaltools.gnu-tools-for-stm32.10.3-2021.10.win32_1.0.100.202210260954/tools/bin/../lib/gcc/arm-none-eabi/10.3.1/thumb/v7-m/nofp/crtbegin.o
                0x000000000800415c                PROVIDE (__init_array_end = .)
                0x000000000800415c                . = ALIGN (0x4)

.fini_array     0x000000000800415c        0x4
                0x000000000800415c                . = ALIGN (0x4)
                [!provide]                        PROVIDE (__fini_array_start = .)
 *(SORT_BY_NAME(.fini_array.*))
 *(.fini_array*)
 .fini_array    0x000000000800415c        0x4 c:/st/stm32cubeide_1.7.0/stm32cubeide/plugins/com.st.stm32cube.ide.mcu.externaltools.gnu-tools-for-stm32.10.3-2021.10.win32_1.0.100.202210260954/tools/bin/../lib/gcc/arm-none-eabi/10.3.1/thumb/v7-m/nofp/crtbegin.o
                [!provide]                        PROVIDE (__fini_array_end = .)
                0x0000000008004160                . = ALIGN (0x4)
                0x0000000008004160                _sidata = LOADADDR (.data)

.data           0x0000000020000000       0x1c load address 0x0000000008004160
                0x0000000020000000                . = ALIGN (0x4)
                0x0000000020000000                _sdata = .
 *(.data)
 *(.data*)
 .data.butS     0x0000000020000000        0x4 ./Core/Src/global.o
                0x0000000020000000                butS
 .data.butU     0x0000000020000004        0x4 ./Core/Src/global.o
                0x0000000020000004                butU
 .data.butD     0x0000000020000008        0x4 ./Core/Src/global.o
                0x0000000020000008                butD
 .data.TIMER_CYCLE
                0x000000002000000c        0x4 ./Core/Src/software_timer.o
                0x000000002000000c                TIMER_CYCLE
 .data.SystemCoreClock
                0x0000000020000010        0x4 ./Core/Src/system_stm32f1xx.o
                0x0000000020000010                SystemCoreClock
 .data.uwTickPrio
                0x0000000020000014        0x4 ./Drivers/STM32F1xx_HAL_Driver/Src/stm32f1xx_hal.o
                0x0000000020000014                uwTickPrio
 .data.uwTickFreq
                0x0000000020000018        0x1 ./Drivers/STM32F1xx_HAL_Driver/Src/stm32f1xx_hal.o
                0x0000000020000018                uwTickFreq
 *(.RamFunc)
 *(.RamFunc*)
                0x000000002000001c                . = ALIGN (0x4)
 *fill*         0x0000000020000019        0x3 
                0x000000002000001c                _edata = .

.igot.plt       0x000000002000001c        0x0 load address 0x000000000800417c
 .igot.plt      0x000000002000001c        0x0 c:/st/stm32cubeide_1.7.0/stm32cubeide/plugins/com.st.stm32cube.ide.mcu.externaltools.gnu-tools-for-stm32.10.3-2021.10.win32_1.0.100.202210260954/tools/bin/../lib/gcc/arm-none-eabi/10.3.1/thumb/v7-m/nofp/crtbegin.o
                0x000000002000001c                . = ALIGN (0x4)

.bss            0x000000002000001c      0x4cc load address 0x000000000800417c
                0x000000002000001c                _sbss = .
                0x000000002000001c                __bss_start__ = _sbss
 *(.bss)
 .bss           0x000000002000001c       0x1c c:/st/stm32cubeide_1.7.0/stm32cubeide/plugins/com.st.stm32cube.ide.mcu.externaltools.gnu-tools-for-stm32.10.3-2021.10.win32_1.0.100.202210260954/tools/bin/../lib/gcc/arm-none-eabi/10.3.1/thumb/v7-m/nofp/crtbegin.o
 *(.bss*)
 .bss.status_mode
                0x0000000020000038        0x4 ./Core/Src/global.o
                0x0000000020000038                status_mode
 .bss.status_buz
                0x000000002000003c        0x4 ./Core/Src/global.o
                0x000000002000003c                status_buz
 .bss.index_led
                0x0000000020000040        0x4 ./Core/Src/global.o
                0x0000000020000040                index_led
 .bss.butM      0x0000000020000044        0x4 ./Core/Src/global.o
                0x0000000020000044                butM
 .bss.hourAlarm
                0x0000000020000048        0x4 ./Core/Src/global.o
                0x0000000020000048                hourAlarm
 .bss.minuteAlarm
                0x000000002000004c        0x4 ./Core/Src/global.o
                0x000000002000004c                minuteAlarm
 .bss.secondAlarm
                0x0000000020000050        0x4 ./Core/Src/global.o
                0x0000000020000050                secondAlarm
 .bss.hourStopWatch
                0x0000000020000054        0x4 ./Core/Src/global.o
                0x0000000020000054                hourStopWatch
 .bss.minuteStopWatch
                0x0000000020000058        0x4 ./Core/Src/global.o
                0x0000000020000058                minuteStopWatch
 .bss.led12     0x000000002000005c        0x4 ./Core/Src/global.o
                0x000000002000005c                led12
 .bss.led34     0x0000000020000060        0x4 ./Core/Src/global.o
                0x0000000020000060                led34
 .bss.second    0x0000000020000064        0x4 ./Core/Src/global.o
                0x0000000020000064                second
 .bss.minute    0x0000000020000068        0x4 ./Core/Src/global.o
                0x0000000020000068                minute
 .bss.hour      0x000000002000006c        0x4 ./Core/Src/global.o
                0x000000002000006c                hour
 .bss.buttonBuffer
                0x0000000020000070        0x4 ./Core/Src/input_reading.o
 .bss.debounceButtonBuffer0
                0x0000000020000074        0x4 ./Core/Src/input_reading.o
 .bss.debounceButtonBuffer1
                0x0000000020000078        0x4 ./Core/Src/input_reading.o
 .bss.debounceButtonBuffer2
                0x000000002000007c        0x4 ./Core/Src/input_reading.o
 .bss.flagForButtonPress1s
                0x0000000020000080        0x4 ./Core/Src/input_reading.o
 .bss.flagForButton
                0x0000000020000084        0x4 ./Core/Src/input_reading.o
 .bss.counterForButtonPress1s
                0x0000000020000088        0x8 ./Core/Src/input_reading.o
 .bss.counterForButtonAfterPress1s
                0x0000000020000090        0x8 ./Core/Src/input_reading.o
 .bss.buttonState
                0x0000000020000098        0x4 ./Core/Src/input_reading.o
                0x0000000020000098                buttonState
 .bss.counter10S
                0x000000002000009c        0x4 ./Core/Src/input_reading.o
                0x000000002000009c                counter10S
 .bss.led_buffer
                0x00000000200000a0       0x10 ./Core/Src/led_display.o
                0x00000000200000a0                led_buffer
 .bss.htim2     0x00000000200000b0       0x48 ./Core/Src/main.o
                0x00000000200000b0                htim2
 .bss.htim3     0x00000000200000f8       0x48 ./Core/Src/main.o
                0x00000000200000f8                htim3
 .bss.huart2    0x0000000020000140       0x44 ./Core/Src/main.o
                0x0000000020000140                huart2
 .bss.dutycycle
                0x0000000020000184        0x4 ./Core/Src/main.o
                0x0000000020000184                dutycycle
 .bss.SCH_tasks_G
                0x0000000020000188      0x320 ./Core/Src/scheduler.o
                0x0000000020000188                SCH_tasks_G
 .bss.current_index_task
                0x00000000200004a8        0x1 ./Core/Src/scheduler.o
                0x00000000200004a8                current_index_task
 *fill*         0x00000000200004a9        0x3 
 .bss.timer0_flag
                0x00000000200004ac        0x4 ./Core/Src/software_timer.o
                0x00000000200004ac                timer0_flag
 .bss.timer1_flag
                0x00000000200004b0        0x4 ./Core/Src/software_timer.o
                0x00000000200004b0                timer1_flag
 .bss.timer2_flag
                0x00000000200004b4        0x4 ./Core/Src/software_timer.o
                0x00000000200004b4                timer2_flag
 .bss.timer3_flag
                0x00000000200004b8        0x4 ./Core/Src/software_timer.o
                0x00000000200004b8                timer3_flag
 .bss.timer4_flag
                0x00000000200004bc        0x4 ./Core/Src/software_timer.o
                0x00000000200004bc                timer4_flag
 .bss.timer5_flag
                0x00000000200004c0        0x4 ./Core/Src/software_timer.o
                0x00000000200004c0                timer5_flag
 .bss.timer6_flag
                0x00000000200004c4        0x4 ./Core/Src/software_timer.o
                0x00000000200004c4                timer6_flag
 .bss.timer0_counter
                0x00000000200004c8        0x4 ./Core/Src/software_timer.o
                0x00000000200004c8                timer0_counter
 .bss.timer1_counter
                0x00000000200004cc        0x4 ./Core/Src/software_timer.o
                0x00000000200004cc                timer1_counter
 .bss.timer2_counter
                0x00000000200004d0        0x4 ./Core/Src/software_timer.o
                0x00000000200004d0                timer2_counter
 .bss.timer3_counter
                0x00000000200004d4        0x4 ./Core/Src/software_timer.o
                0x00000000200004d4                timer3_counter
 .bss.timer4_counter
                0x00000000200004d8        0x4 ./Core/Src/software_timer.o
                0x00000000200004d8                timer4_counter
 .bss.timer5_counter
                0x00000000200004dc        0x4 ./Core/Src/software_timer.o
                0x00000000200004dc                timer5_counter
 .bss.timer6_counter
                0x00000000200004e0        0x4 ./Core/Src/software_timer.o
                0x00000000200004e0                timer6_counter
 .bss.uwTick    0x00000000200004e4        0x4 ./Drivers/STM32F1xx_HAL_Driver/Src/stm32f1xx_hal.o
                0x00000000200004e4                uwTick
 *(COMMON)
                0x00000000200004e8                . = ALIGN (0x4)
                0x00000000200004e8                _ebss = .
                0x00000000200004e8                __bss_end__ = _ebss

._user_heap_stack
                0x00000000200004e8      0x600 load address 0x000000000800417c
                0x00000000200004e8                . = ALIGN (0x8)
                [!provide]                        PROVIDE (end = .)
                0x00000000200004e8                PROVIDE (_end = .)
                0x00000000200006e8                . = (. + _Min_Heap_Size)
 *fill*         0x00000000200004e8      0x200 
                0x0000000020000ae8                . = (. + _Min_Stack_Size)
 *fill*         0x00000000200006e8      0x400 
                0x0000000020000ae8                . = ALIGN (0x8)

/DISCARD/
 libc.a(*)
 libm.a(*)
 libgcc.a(*)

.ARM.attributes
                0x0000000000000000       0x29
 *(.ARM.attributes)
 .ARM.attributes
                0x0000000000000000       0x1d c:/st/stm32cubeide_1.7.0/stm32cubeide/plugins/com.st.stm32cube.ide.mcu.externaltools.gnu-tools-for-stm32.10.3-2021.10.win32_1.0.100.202210260954/tools/bin/../lib/gcc/arm-none-eabi/10.3.1/thumb/v7-m/nofp/crti.o
 .ARM.attributes
                0x000000000000001d       0x2d c:/st/stm32cubeide_1.7.0/stm32cubeide/plugins/com.st.stm32cube.ide.mcu.externaltools.gnu-tools-for-stm32.10.3-2021.10.win32_1.0.100.202210260954/tools/bin/../lib/gcc/arm-none-eabi/10.3.1/thumb/v7-m/nofp/crtbegin.o
 .ARM.attributes
                0x000000000000004a       0x2d ./Core/Src/clock.o
 .ARM.attributes
                0x0000000000000077       0x2d ./Core/Src/fsm_buz.o
 .ARM.attributes
                0x00000000000000a4       0x2d ./Core/Src/fsm_mode.o
 .ARM.attributes
                0x00000000000000d1       0x2d ./Core/Src/global.o
 .ARM.attributes
                0x00000000000000fe       0x2d ./Core/Src/input_reading.o
 .ARM.attributes
                0x000000000000012b       0x2d ./Core/Src/led_display.o
 .ARM.attributes
                0x0000000000000158       0x2d ./Core/Src/main.o
 .ARM.attributes
                0x0000000000000185       0x2d ./Core/Src/scheduler.o
 .ARM.attributes
                0x00000000000001b2       0x2d ./Core/Src/software_timer.o
 .ARM.attributes
                0x00000000000001df       0x2d ./Core/Src/stm32f1xx_hal_msp.o
 .ARM.attributes
                0x000000000000020c       0x2d ./Core/Src/stm32f1xx_it.o
 .ARM.attributes
                0x0000000000000239       0x2d ./Core/Src/system_stm32f1xx.o
 .ARM.attributes
                0x0000000000000266       0x2d ./Core/Src/timer.o
 .ARM.attributes
                0x0000000000000293       0x21 ./Core/Startup/startup_stm32f103rbtx.o
 .ARM.attributes
                0x00000000000002b4       0x2d ./Drivers/STM32F1xx_HAL_Driver/Src/stm32f1xx_hal.o
 .ARM.attributes
                0x00000000000002e1       0x2d ./Drivers/STM32F1xx_HAL_Driver/Src/stm32f1xx_hal_cortex.o
 .ARM.attributes
                0x000000000000030e       0x2d ./Drivers/STM32F1xx_HAL_Driver/Src/stm32f1xx_hal_gpio.o
 .ARM.attributes
                0x000000000000033b       0x2d ./Drivers/STM32F1xx_HAL_Driver/Src/stm32f1xx_hal_rcc.o
 .ARM.attributes
                0x0000000000000368       0x2d ./Drivers/STM32F1xx_HAL_Driver/Src/stm32f1xx_hal_tim.o
 .ARM.attributes
                0x0000000000000395       0x2d ./Drivers/STM32F1xx_HAL_Driver/Src/stm32f1xx_hal_tim_ex.o
 .ARM.attributes
                0x00000000000003c2       0x2d ./Drivers/STM32F1xx_HAL_Driver/Src/stm32f1xx_hal_uart.o
 .ARM.attributes
                0x00000000000003ef       0x2d c:/st/stm32cubeide_1.7.0/stm32cubeide/plugins/com.st.stm32cube.ide.mcu.externaltools.gnu-tools-for-stm32.10.3-2021.10.win32_1.0.100.202210260954/tools/bin/../lib/gcc/arm-none-eabi/10.3.1/../../../../arm-none-eabi/lib/thumb/v7-m/nofp\libc_nano.a(lib_a-init.o)
 .ARM.attributes
                0x000000000000041c       0x2d c:/st/stm32cubeide_1.7.0/stm32cubeide/plugins/com.st.stm32cube.ide.mcu.externaltools.gnu-tools-for-stm32.10.3-2021.10.win32_1.0.100.202210260954/tools/bin/../lib/gcc/arm-none-eabi/10.3.1/../../../../arm-none-eabi/lib/thumb/v7-m/nofp\libc_nano.a(lib_a-memset.o)
 .ARM.attributes
                0x0000000000000449       0x1d c:/st/stm32cubeide_1.7.0/stm32cubeide/plugins/com.st.stm32cube.ide.mcu.externaltools.gnu-tools-for-stm32.10.3-2021.10.win32_1.0.100.202210260954/tools/bin/../lib/gcc/arm-none-eabi/10.3.1/thumb/v7-m/nofp/crtn.o
OUTPUT(Digital_Clock_4led7.elf elf32-littlearm)
LOAD linker stubs
LOAD c:/st/stm32cubeide_1.7.0/stm32cubeide/plugins/com.st.stm32cube.ide.mcu.externaltools.gnu-tools-for-stm32.10.3-2021.10.win32_1.0.100.202210260954/tools/bin/../lib/gcc/arm-none-eabi/10.3.1/../../../../arm-none-eabi/lib/thumb/v7-m/nofp\libc.a
LOAD c:/st/stm32cubeide_1.7.0/stm32cubeide/plugins/com.st.stm32cube.ide.mcu.externaltools.gnu-tools-for-stm32.10.3-2021.10.win32_1.0.100.202210260954/tools/bin/../lib/gcc/arm-none-eabi/10.3.1/../../../../arm-none-eabi/lib/thumb/v7-m/nofp\libm.a
LOAD c:/st/stm32cubeide_1.7.0/stm32cubeide/plugins/com.st.stm32cube.ide.mcu.externaltools.gnu-tools-for-stm32.10.3-2021.10.win32_1.0.100.202210260954/tools/bin/../lib/gcc/arm-none-eabi/10.3.1/thumb/v7-m/nofp\libgcc.a

.debug_info     0x0000000000000000     0xb8c7
 .debug_info    0x0000000000000000       0xeb ./Core/Src/clock.o
 .debug_info    0x00000000000000eb      0x13b ./Core/Src/fsm_buz.o
 .debug_info    0x0000000000000226      0x2ae ./Core/Src/fsm_mode.o
 .debug_info    0x00000000000004d4      0x271 ./Core/Src/global.o
 .debug_info    0x0000000000000745      0x397 ./Core/Src/input_reading.o
 .debug_info    0x0000000000000adc      0x2af ./Core/Src/led_display.o
 .debug_info    0x0000000000000d8b     0x1275 ./Core/Src/main.o
 .debug_info    0x0000000000002000      0x22e ./Core/Src/scheduler.o
 .debug_info    0x000000000000222e      0x311 ./Core/Src/software_timer.o
 .debug_info    0x000000000000253f      0xe35 ./Core/Src/stm32f1xx_hal_msp.o
 .debug_info    0x0000000000003374      0x726 ./Core/Src/stm32f1xx_it.o
 .debug_info    0x0000000000003a9a      0x23d ./Core/Src/system_stm32f1xx.o
 .debug_info    0x0000000000003cd7      0x63c ./Core/Src/timer.o
 .debug_info    0x0000000000004313       0x22 ./Core/Startup/startup_stm32f103rbtx.o
 .debug_info    0x0000000000004335      0x734 ./Drivers/STM32F1xx_HAL_Driver/Src/stm32f1xx_hal.o
 .debug_info    0x0000000000004a69      0xb20 ./Drivers/STM32F1xx_HAL_Driver/Src/stm32f1xx_hal_cortex.o
 .debug_info    0x0000000000005589      0x615 ./Drivers/STM32F1xx_HAL_Driver/Src/stm32f1xx_hal_gpio.o
 .debug_info    0x0000000000005b9e      0x860 ./Drivers/STM32F1xx_HAL_Driver/Src/stm32f1xx_hal_rcc.o
 .debug_info    0x00000000000063fe     0x29de ./Drivers/STM32F1xx_HAL_Driver/Src/stm32f1xx_hal_tim.o
 .debug_info    0x0000000000008ddc     0x1513 ./Drivers/STM32F1xx_HAL_Driver/Src/stm32f1xx_hal_tim_ex.o
 .debug_info    0x000000000000a2ef     0x15d8 ./Drivers/STM32F1xx_HAL_Driver/Src/stm32f1xx_hal_uart.o

.debug_abbrev   0x0000000000000000     0x211b
 .debug_abbrev  0x0000000000000000       0x85 ./Core/Src/clock.o
 .debug_abbrev  0x0000000000000085       0x8c ./Core/Src/fsm_buz.o
 .debug_abbrev  0x0000000000000111       0xea ./Core/Src/fsm_mode.o
 .debug_abbrev  0x00000000000001fb       0x7c ./Core/Src/global.o
 .debug_abbrev  0x0000000000000277      0x1ba ./Core/Src/input_reading.o
 .debug_abbrev  0x0000000000000431      0x18f ./Core/Src/led_display.o
 .debug_abbrev  0x00000000000005c0      0x304 ./Core/Src/main.o
 .debug_abbrev  0x00000000000008c4      0x11a ./Core/Src/scheduler.o
 .debug_abbrev  0x00000000000009de       0x9c ./Core/Src/software_timer.o
 .debug_abbrev  0x0000000000000a7a      0x1e1 ./Core/Src/stm32f1xx_hal_msp.o
 .debug_abbrev  0x0000000000000c5b      0x199 ./Core/Src/stm32f1xx_it.o
 .debug_abbrev  0x0000000000000df4      0x13b ./Core/Src/system_stm32f1xx.o
 .debug_abbrev  0x0000000000000f2f      0x155 ./Core/Src/timer.o
 .debug_abbrev  0x0000000000001084       0x12 ./Core/Startup/startup_stm32f103rbtx.o
 .debug_abbrev  0x0000000000001096      0x1fb ./Drivers/STM32F1xx_HAL_Driver/Src/stm32f1xx_hal.o
 .debug_abbrev  0x0000000000001291      0x2ed ./Drivers/STM32F1xx_HAL_Driver/Src/stm32f1xx_hal_cortex.o
 .debug_abbrev  0x000000000000157e      0x1bb ./Drivers/STM32F1xx_HAL_Driver/Src/stm32f1xx_hal_gpio.o
 .debug_abbrev  0x0000000000001739      0x2a8 ./Drivers/STM32F1xx_HAL_Driver/Src/stm32f1xx_hal_rcc.o
 .debug_abbrev  0x00000000000019e1      0x25d ./Drivers/STM32F1xx_HAL_Driver/Src/stm32f1xx_hal_tim.o
 .debug_abbrev  0x0000000000001c3e      0x265 ./Drivers/STM32F1xx_HAL_Driver/Src/stm32f1xx_hal_tim_ex.o
 .debug_abbrev  0x0000000000001ea3      0x278 ./Drivers/STM32F1xx_HAL_Driver/Src/stm32f1xx_hal_uart.o

.debug_aranges  0x0000000000000000      0xd98
 .debug_aranges
                0x0000000000000000       0x28 ./Core/Src/clock.o
 .debug_aranges
                0x0000000000000028       0x20 ./Core/Src/fsm_buz.o
 .debug_aranges
                0x0000000000000048       0x20 ./Core/Src/fsm_mode.o
 .debug_aranges
                0x0000000000000068       0x20 ./Core/Src/global.o
 .debug_aranges
                0x0000000000000088       0x40 ./Core/Src/input_reading.o
 .debug_aranges
                0x00000000000000c8       0x68 ./Core/Src/led_display.o
 .debug_aranges
                0x0000000000000130       0x60 ./Core/Src/main.o
 .debug_aranges
                0x0000000000000190       0x40 ./Core/Src/scheduler.o
 .debug_aranges
                0x00000000000001d0       0x90 ./Core/Src/software_timer.o
 .debug_aranges
                0x0000000000000260       0x58 ./Core/Src/stm32f1xx_hal_msp.o
 .debug_aranges
                0x00000000000002b8       0x70 ./Core/Src/stm32f1xx_it.o
 .debug_aranges
                0x0000000000000328       0x28 ./Core/Src/system_stm32f1xx.o
 .debug_aranges
                0x0000000000000350       0x20 ./Core/Src/timer.o
 .debug_aranges
                0x0000000000000370       0x28 ./Core/Startup/startup_stm32f103rbtx.o
 .debug_aranges
                0x0000000000000398       0xe0 ./Drivers/STM32F1xx_HAL_Driver/Src/stm32f1xx_hal.o
 .debug_aranges
                0x0000000000000478      0x100 ./Drivers/STM32F1xx_HAL_Driver/Src/stm32f1xx_hal_cortex.o
 .debug_aranges
                0x0000000000000578       0x58 ./Drivers/STM32F1xx_HAL_Driver/Src/stm32f1xx_hal_gpio.o
 .debug_aranges
                0x00000000000005d0       0x90 ./Drivers/STM32F1xx_HAL_Driver/Src/stm32f1xx_hal_rcc.o
 .debug_aranges
                0x0000000000000660      0x3d0 ./Drivers/STM32F1xx_HAL_Driver/Src/stm32f1xx_hal_tim.o
 .debug_aranges
                0x0000000000000a30      0x168 ./Drivers/STM32F1xx_HAL_Driver/Src/stm32f1xx_hal_tim_ex.o
 .debug_aranges
                0x0000000000000b98      0x200 ./Drivers/STM32F1xx_HAL_Driver/Src/stm32f1xx_hal_uart.o

.debug_ranges   0x0000000000000000      0xc80
 .debug_ranges  0x0000000000000000       0x18 ./Core/Src/clock.o
 .debug_ranges  0x0000000000000018       0x10 ./Core/Src/fsm_buz.o
 .debug_ranges  0x0000000000000028       0x10 ./Core/Src/fsm_mode.o
 .debug_ranges  0x0000000000000038       0x10 ./Core/Src/global.o
 .debug_ranges  0x0000000000000048       0x30 ./Core/Src/input_reading.o
 .debug_ranges  0x0000000000000078       0x58 ./Core/Src/led_display.o
 .debug_ranges  0x00000000000000d0       0x50 ./Core/Src/main.o
 .debug_ranges  0x0000000000000120       0x30 ./Core/Src/scheduler.o
 .debug_ranges  0x0000000000000150       0x80 ./Core/Src/software_timer.o
 .debug_ranges  0x00000000000001d0       0x48 ./Core/Src/stm32f1xx_hal_msp.o
 .debug_ranges  0x0000000000000218       0x60 ./Core/Src/stm32f1xx_it.o
 .debug_ranges  0x0000000000000278       0x18 ./Core/Src/system_stm32f1xx.o
 .debug_ranges  0x0000000000000290       0x10 ./Core/Src/timer.o
 .debug_ranges  0x00000000000002a0       0x20 ./Core/Startup/startup_stm32f103rbtx.o
 .debug_ranges  0x00000000000002c0       0xd0 ./Drivers/STM32F1xx_HAL_Driver/Src/stm32f1xx_hal.o
 .debug_ranges  0x0000000000000390       0xf0 ./Drivers/STM32F1xx_HAL_Driver/Src/stm32f1xx_hal_cortex.o
 .debug_ranges  0x0000000000000480       0x48 ./Drivers/STM32F1xx_HAL_Driver/Src/stm32f1xx_hal_gpio.o
 .debug_ranges  0x00000000000004c8       0x80 ./Drivers/STM32F1xx_HAL_Driver/Src/stm32f1xx_hal_rcc.o
 .debug_ranges  0x0000000000000548      0x3c0 ./Drivers/STM32F1xx_HAL_Driver/Src/stm32f1xx_hal_tim.o
 .debug_ranges  0x0000000000000908      0x158 ./Drivers/STM32F1xx_HAL_Driver/Src/stm32f1xx_hal_tim_ex.o
 .debug_ranges  0x0000000000000a60      0x220 ./Drivers/STM32F1xx_HAL_Driver/Src/stm32f1xx_hal_uart.o

.debug_macro    0x0000000000000000     0x2d48
 .debug_macro   0x0000000000000000      0x1dd ./Core/Src/clock.o
 .debug_macro   0x00000000000001dd      0x1f0 ./Core/Src/fsm_buz.o
 .debug_macro   0x00000000000003cd      0x1fe ./Core/Src/fsm_mode.o
 .debug_macro   0x00000000000005cb      0x1bb ./Core/Src/global.o
 .debug_macro   0x0000000000000786      0x1f1 ./Core/Src/input_reading.o
 .debug_macro   0x0000000000000977      0x1cf ./Core/Src/led_display.o
 .debug_macro   0x0000000000000b46      0x38e ./Core/Src/main.o
 .debug_macro   0x0000000000000ed4       0x52 ./Core/Src/main.o
 .debug_macro   0x0000000000000f26       0x18 ./Core/Src/main.o
 .debug_macro   0x0000000000000f3e       0x3c ./Core/Src/main.o
 .debug_macro   0x0000000000000f7a       0x34 ./Core/Src/main.o
 .debug_macro   0x0000000000000fae       0x16 ./Core/Src/main.o
 .debug_macro   0x0000000000000fc4       0x35 ./Core/Src/main.o
 .debug_macro   0x0000000000000ff9      0x341 ./Core/Src/main.o
 .debug_macro   0x000000000000133a       0x10 ./Core/Src/main.o
 .debug_macro   0x000000000000134a       0x16 ./Core/Src/main.o
 .debug_macro   0x0000000000001360       0x43 ./Core/Src/main.o
 .debug_macro   0x00000000000013a3       0x34 ./Core/Src/main.o
 .debug_macro   0x00000000000013d7       0x10 ./Core/Src/main.o
 .debug_macro   0x00000000000013e7       0x58 ./Core/Src/main.o
 .debug_macro   0x000000000000143f       0x71 ./Core/Src/main.o
 .debug_macro   0x00000000000014b0       0x1c ./Core/Src/main.o
 .debug_macro   0x00000000000014cc      0x12a ./Core/Src/main.o
 .debug_macro   0x00000000000015f6       0x10 ./Core/Src/main.o
 .debug_macro   0x0000000000001606       0x1c ./Core/Src/main.o
 .debug_macro   0x0000000000001622       0x52 ./Core/Src/main.o
 .debug_macro   0x0000000000001674       0x22 ./Core/Src/main.o
 .debug_macro   0x0000000000001696       0x10 ./Core/Src/main.o
 .debug_macro   0x00000000000016a6       0x52 ./Core/Src/main.o
 .debug_macro   0x00000000000016f8       0xd5 ./Core/Src/main.o
 .debug_macro   0x00000000000017cd       0x1c ./Core/Src/main.o
 .debug_macro   0x00000000000017e9       0x3d ./Core/Src/main.o
 .debug_macro   0x0000000000001826       0x16 ./Core/Src/main.o
 .debug_macro   0x000000000000183c      0x145 ./Core/Src/main.o
 .debug_macro   0x0000000000001981       0x16 ./Core/Src/main.o
 .debug_macro   0x0000000000001997       0x72 ./Core/Src/scheduler.o
 .debug_macro   0x0000000000001a09       0x10 ./Core/Src/scheduler.o
 .debug_macro   0x0000000000001a19       0x1b ./Core/Src/software_timer.o
 .debug_macro   0x0000000000001a34      0x1b2 ./Core/Src/stm32f1xx_hal_msp.o
 .debug_macro   0x0000000000001be6      0x1bc ./Core/Src/stm32f1xx_it.o
 .debug_macro   0x0000000000001da2      0x1a3 ./Core/Src/system_stm32f1xx.o
 .debug_macro   0x0000000000001f45      0x1eb ./Core/Src/timer.o
 .debug_macro   0x0000000000002130      0x1c7 ./Drivers/STM32F1xx_HAL_Driver/Src/stm32f1xx_hal.o
 .debug_macro   0x00000000000022f7      0x1a3 ./Drivers/STM32F1xx_HAL_Driver/Src/stm32f1xx_hal_cortex.o
 .debug_macro   0x000000000000249a      0x20e ./Drivers/STM32F1xx_HAL_Driver/Src/stm32f1xx_hal_gpio.o
 .debug_macro   0x00000000000026a8      0x1b5 ./Drivers/STM32F1xx_HAL_Driver/Src/stm32f1xx_hal_rcc.o
 .debug_macro   0x000000000000285d      0x1a4 ./Drivers/STM32F1xx_HAL_Driver/Src/stm32f1xx_hal_tim.o
 .debug_macro   0x0000000000002a01      0x1a3 ./Drivers/STM32F1xx_HAL_Driver/Src/stm32f1xx_hal_tim_ex.o
 .debug_macro   0x0000000000002ba4      0x1a4 ./Drivers/STM32F1xx_HAL_Driver/Src/stm32f1xx_hal_uart.o

.debug_line     0x0000000000000000     0xee9a
 .debug_line    0x0000000000000000      0x6e0 ./Core/Src/clock.o
 .debug_line    0x00000000000006e0      0x736 ./Core/Src/fsm_buz.o
 .debug_line    0x0000000000000e16      0x9a3 ./Core/Src/fsm_mode.o
 .debug_line    0x00000000000017b9      0x675 ./Core/Src/global.o
 .debug_line    0x0000000000001e2e      0x8b2 ./Core/Src/input_reading.o
 .debug_line    0x00000000000026e0      0x82f ./Core/Src/led_display.o
 .debug_line    0x0000000000002f0f      0xaec ./Core/Src/main.o
 .debug_line    0x00000000000039fb      0x4ff ./Core/Src/scheduler.o
 .debug_line    0x0000000000003efa      0x276 ./Core/Src/software_timer.o
 .debug_line    0x0000000000004170      0x75e ./Core/Src/stm32f1xx_hal_msp.o
 .debug_line    0x00000000000048ce      0x768 ./Core/Src/stm32f1xx_it.o
 .debug_line    0x0000000000005036      0x6f4 ./Core/Src/system_stm32f1xx.o
 .debug_line    0x000000000000572a      0x6bc ./Core/Src/timer.o
 .debug_line    0x0000000000005de6       0x87 ./Core/Startup/startup_stm32f103rbtx.o
 .debug_line    0x0000000000005e6d      0x921 ./Drivers/STM32F1xx_HAL_Driver/Src/stm32f1xx_hal.o
 .debug_line    0x000000000000678e      0xb09 ./Drivers/STM32F1xx_HAL_Driver/Src/stm32f1xx_hal_cortex.o
 .debug_line    0x0000000000007297      0x9b8 ./Drivers/STM32F1xx_HAL_Driver/Src/stm32f1xx_hal_gpio.o
 .debug_line    0x0000000000007c4f      0xd2f ./Drivers/STM32F1xx_HAL_Driver/Src/stm32f1xx_hal_rcc.o
 .debug_line    0x000000000000897e     0x32d7 ./Drivers/STM32F1xx_HAL_Driver/Src/stm32f1xx_hal_tim.o
 .debug_line    0x000000000000bc55     0x1849 ./Drivers/STM32F1xx_HAL_Driver/Src/stm32f1xx_hal_tim_ex.o
 .debug_line    0x000000000000d49e     0x19fc ./Drivers/STM32F1xx_HAL_Driver/Src/stm32f1xx_hal_uart.o

.debug_str      0x0000000000000000    0x8ab65
 .debug_str     0x0000000000000000    0x83438 ./Core/Src/clock.o
                                      0x8375e (size before relaxing)
 .debug_str     0x0000000000083438       0xe8 ./Core/Src/fsm_buz.o
                                      0x83815 (size before relaxing)
 .debug_str     0x0000000000083520      0x132 ./Core/Src/fsm_mode.o
                                      0x838f0 (size before relaxing)
 .debug_str     0x0000000000083652       0x3e ./Core/Src/global.o
                                      0x837b7 (size before relaxing)
 .debug_str     0x0000000000083690      0x253 ./Core/Src/input_reading.o
                                      0x839eb (size before relaxing)
 .debug_str     0x00000000000838e3       0xc9 ./Core/Src/led_display.o
                                      0x8386c (size before relaxing)
 .debug_str     0x00000000000839ac     0x4a5c ./Core/Src/main.o
                                      0x88478 (size before relaxing)
 .debug_str     0x0000000000088408       0x7c ./Core/Src/scheduler.o
                                       0x3caf (size before relaxing)
 .debug_str     0x0000000000088484       0xfb ./Core/Src/software_timer.o
                                       0x2e31 (size before relaxing)
 .debug_str     0x000000000008857f      0x116 ./Core/Src/stm32f1xx_hal_msp.o
                                      0x84186 (size before relaxing)
 .debug_str     0x0000000000088695      0x11a ./Core/Src/stm32f1xx_it.o
                                      0x83bf7 (size before relaxing)
 .debug_str     0x00000000000887af       0x7e ./Core/Src/system_stm32f1xx.o
                                      0x832c9 (size before relaxing)
 .debug_str     0x000000000008882d       0x32 ./Core/Src/timer.o
                                      0x83c96 (size before relaxing)
 .debug_str     0x000000000008885f       0x73 ./Core/Startup/startup_stm32f103rbtx.o
 .debug_str     0x00000000000888d2      0x38e ./Drivers/STM32F1xx_HAL_Driver/Src/stm32f1xx_hal.o
                                      0x839f6 (size before relaxing)
 .debug_str     0x0000000000088c60      0x294 ./Drivers/STM32F1xx_HAL_Driver/Src/stm32f1xx_hal_cortex.o
                                      0x83942 (size before relaxing)
 .debug_str     0x0000000000088ef4      0x2a9 ./Drivers/STM32F1xx_HAL_Driver/Src/stm32f1xx_hal_gpio.o
                                      0x83649 (size before relaxing)
 .debug_str     0x000000000008919d      0x229 ./Drivers/STM32F1xx_HAL_Driver/Src/stm32f1xx_hal_rcc.o
                                      0x836f2 (size before relaxing)
 .debug_str     0x00000000000893c6      0xd0e ./Drivers/STM32F1xx_HAL_Driver/Src/stm32f1xx_hal_tim.o
                                      0x846dd (size before relaxing)
 .debug_str     0x000000000008a0d4      0x493 ./Drivers/STM32F1xx_HAL_Driver/Src/stm32f1xx_hal_tim_ex.o
                                      0x83ef9 (size before relaxing)
 .debug_str     0x000000000008a567      0x5fe ./Drivers/STM32F1xx_HAL_Driver/Src/stm32f1xx_hal_uart.o
                                      0x83cfd (size before relaxing)

.comment        0x0000000000000000       0x50
 .comment       0x0000000000000000       0x50 ./Core/Src/clock.o
                                         0x51 (size before relaxing)
 .comment       0x0000000000000050       0x51 ./Core/Src/fsm_buz.o
 .comment       0x0000000000000050       0x51 ./Core/Src/fsm_mode.o
 .comment       0x0000000000000050       0x51 ./Core/Src/global.o
 .comment       0x0000000000000050       0x51 ./Core/Src/input_reading.o
 .comment       0x0000000000000050       0x51 ./Core/Src/led_display.o
 .comment       0x0000000000000050       0x51 ./Core/Src/main.o
 .comment       0x0000000000000050       0x51 ./Core/Src/scheduler.o
 .comment       0x0000000000000050       0x51 ./Core/Src/software_timer.o
 .comment       0x0000000000000050       0x51 ./Core/Src/stm32f1xx_hal_msp.o
 .comment       0x0000000000000050       0x51 ./Core/Src/stm32f1xx_it.o
 .comment       0x0000000000000050       0x51 ./Core/Src/system_stm32f1xx.o
 .comment       0x0000000000000050       0x51 ./Core/Src/timer.o
 .comment       0x0000000000000050       0x51 ./Drivers/STM32F1xx_HAL_Driver/Src/stm32f1xx_hal.o
 .comment       0x0000000000000050       0x51 ./Drivers/STM32F1xx_HAL_Driver/Src/stm32f1xx_hal_cortex.o
 .comment       0x0000000000000050       0x51 ./Drivers/STM32F1xx_HAL_Driver/Src/stm32f1xx_hal_gpio.o
 .comment       0x0000000000000050       0x51 ./Drivers/STM32F1xx_HAL_Driver/Src/stm32f1xx_hal_rcc.o
 .comment       0x0000000000000050       0x51 ./Drivers/STM32F1xx_HAL_Driver/Src/stm32f1xx_hal_tim.o
 .comment       0x0000000000000050       0x51 ./Drivers/STM32F1xx_HAL_Driver/Src/stm32f1xx_hal_tim_ex.o
 .comment       0x0000000000000050       0x51 ./Drivers/STM32F1xx_HAL_Driver/Src/stm32f1xx_hal_uart.o

.debug_frame    0x0000000000000000     0x3640
 .debug_frame   0x0000000000000000       0x58 ./Core/Src/clock.o
 .debug_frame   0x0000000000000058       0x2c ./Core/Src/fsm_buz.o
 .debug_frame   0x0000000000000084       0x2c ./Core/Src/fsm_mode.o
 .debug_frame   0x00000000000000b0       0x38 ./Core/Src/global.o
 .debug_frame   0x00000000000000e8       0xd4 ./Core/Src/input_reading.o
 .debug_frame   0x00000000000001bc      0x148 ./Core/Src/led_display.o
 .debug_frame   0x0000000000000304      0x130 ./Core/Src/main.o
 .debug_frame   0x0000000000000434       0xcc ./Core/Src/scheduler.o
 .debug_frame   0x0000000000000500      0x228 ./Core/Src/software_timer.o
 .debug_frame   0x0000000000000728      0x13c ./Core/Src/stm32f1xx_hal_msp.o
 .debug_frame   0x0000000000000864      0x13c ./Core/Src/stm32f1xx_it.o
 .debug_frame   0x00000000000009a0       0x58 ./Core/Src/system_stm32f1xx.o
 .debug_frame   0x00000000000009f8       0x34 ./Core/Src/timer.o
 .debug_frame   0x0000000000000a2c      0x334 ./Drivers/STM32F1xx_HAL_Driver/Src/stm32f1xx_hal.o
 .debug_frame   0x0000000000000d60      0x428 ./Drivers/STM32F1xx_HAL_Driver/Src/stm32f1xx_hal_cortex.o
 .debug_frame   0x0000000000001188      0x14c ./Drivers/STM32F1xx_HAL_Driver/Src/stm32f1xx_hal_gpio.o
 .debug_frame   0x00000000000012d4      0x21c ./Drivers/STM32F1xx_HAL_Driver/Src/stm32f1xx_hal_rcc.o
 .debug_frame   0x00000000000014f0     0x11b8 ./Drivers/STM32F1xx_HAL_Driver/Src/stm32f1xx_hal_tim.o
 .debug_frame   0x00000000000026a8      0x638 ./Drivers/STM32F1xx_HAL_Driver/Src/stm32f1xx_hal_tim_ex.o
 .debug_frame   0x0000000000002ce0      0x914 ./Drivers/STM32F1xx_HAL_Driver/Src/stm32f1xx_hal_uart.o
 .debug_frame   0x00000000000035f4       0x2c c:/st/stm32cubeide_1.7.0/stm32cubeide/plugins/com.st.stm32cube.ide.mcu.externaltools.gnu-tools-for-stm32.10.3-2021.10.win32_1.0.100.202210260954/tools/bin/../lib/gcc/arm-none-eabi/10.3.1/../../../../arm-none-eabi/lib/thumb/v7-m/nofp\libc_nano.a(lib_a-init.o)
 .debug_frame   0x0000000000003620       0x20 c:/st/stm32cubeide_1.7.0/stm32cubeide/plugins/com.st.stm32cube.ide.mcu.externaltools.gnu-tools-for-stm32.10.3-2021.10.win32_1.0.100.202210260954/tools/bin/../lib/gcc/arm-none-eabi/10.3.1/../../../../arm-none-eabi/lib/thumb/v7-m/nofp\libc_nano.a(lib_a-memset.o)
